--- Startup times for process: Primary (or UI client) ---

times in msec
 clock   self+sourced   self:  sourced script
 clock   elapsed:              other lines

000.000  000.000: --- NVIM STARTING ---
000.104  000.104: event init
000.284  000.180: early init
000.945  000.660: locale set
000.977  000.032: init first window
001.478  000.501: inits 1
001.492  000.014: window checked
001.497  000.005: parsing arguments
001.970  000.040  000.040: require('vim._core.shared')
002.027  000.002  000.002: require('string.buffer')
002.044  000.031  000.028: require('vim.inspect')
002.089  000.039  000.039: require('vim._core.options')
002.091  000.116  000.046: require('vim._core.editor')
002.141  000.049  000.049: require('vim._core.system')
002.142  000.241  000.036: require('vim._init_packages')
002.143  000.405: init lua interpreter
004.216  002.073: expanding arguments
004.229  000.013: inits 2
004.429  000.201: init highlight
004.456  000.027: clear screen
004.593  000.011  000.011: require('vim.keymap')
005.369  000.117  000.117: sourcing nvim_exec2()
005.391  000.003  000.003: require('vim._core.log')
005.467  001.008  000.877: require('vim._core.defaults')
005.468  000.004: init default mappings & autocommands
006.348  000.042  000.042: sourcing /opt/homebrew/Cellar/neovim/0.12.3/share/nvim/runtime/ftplugin.vim
006.494  000.021  000.021: sourcing /opt/homebrew/Cellar/neovim/0.12.3/share/nvim/runtime/indent.vim
006.910  000.218  000.218: require('config.options')
007.030  000.118  000.118: require('config.keymaps')
007.646  000.138  000.138: require('tokyonight.config')
007.648  000.332  000.193: require('tokyonight')
008.003  000.124  000.124: require('tokyonight.theme')
008.404  000.187  000.187: require('tokyonight.util')
008.406  000.326  000.139: require('tokyonight.colors')
008.914  000.357  000.357: require('tokyonight.hsluv')
009.270  000.170  000.170: require('tokyonight.groups')
010.548  002.692  001.713: sourcing /Users/rohan/.local/share/nvim/site/pack/plugins/start/tokyonight.nvim/colors/tokyonight-storm.lua
010.552  002.892  000.201: sourcing nvim_exec2() called at /Users/rohan/.config/nvim/init.lua:0
010.993  000.255  000.255: require('vim.ui')
010.996  000.348  000.093: require('dressing.patch')
010.997  000.443  000.096: require('dressing')
011.351  000.353  000.353: require('dressing.config')
011.600  000.146  000.146: require('neo-tree')
011.867  000.265  000.265: require('neo-tree.log')
012.429  000.131  000.131: require('lualine_require')
012.652  000.742  000.611: require('lualine')
013.129  000.006  000.006: sourcing nvim_exec2() called at /Users/rohan/.config/nvim/init.lua:0
013.584  000.138  000.138: require('lualine.themes._tokyonight')
014.659  000.007  000.007: sourcing nvim_exec2() called at /Users/rohan/.config/nvim/init.lua:0
014.698  000.002  000.002: sourcing nvim_exec2() called at /Users/rohan/.config/nvim/init.lua:0
014.703  000.002  000.002: sourcing nvim_exec2() called at /Users/rohan/.config/nvim/init.lua:0
014.707  000.001  000.001: sourcing nvim_exec2() called at /Users/rohan/.config/nvim/init.lua:0
014.713  000.002  000.002: sourcing nvim_exec2() called at /Users/rohan/.config/nvim/init.lua:0
014.719  000.001  000.001: sourcing nvim_exec2() called at /Users/rohan/.config/nvim/init.lua:0
014.724  000.001  000.001: sourcing nvim_exec2() called at /Users/rohan/.config/nvim/init.lua:0
014.727  000.001  000.001: sourcing nvim_exec2() called at /Users/rohan/.config/nvim/init.lua:0
014.731  000.001  000.001: sourcing nvim_exec2() called at /Users/rohan/.config/nvim/init.lua:0
014.736  000.002  000.002: sourcing nvim_exec2() called at /Users/rohan/.config/nvim/init.lua:0
014.742  000.001  000.001: sourcing nvim_exec2() called at /Users/rohan/.config/nvim/init.lua:0
014.746  000.002  000.002: sourcing nvim_exec2() called at /Users/rohan/.config/nvim/init.lua:0
014.750  000.002  000.002: sourcing nvim_exec2() called at /Users/rohan/.config/nvim/init.lua:0
014.754  000.002  000.002: sourcing nvim_exec2() called at /Users/rohan/.config/nvim/init.lua:0
014.758  000.001  000.001: sourcing nvim_exec2() called at /Users/rohan/.config/nvim/init.lua:0
014.762  000.002  000.002: sourcing nvim_exec2() called at /Users/rohan/.config/nvim/init.lua:0
014.765  000.001  000.001: sourcing nvim_exec2() called at /Users/rohan/.config/nvim/init.lua:0
014.774  000.007  000.007: sourcing nvim_exec2() called at /Users/rohan/.config/nvim/init.lua:0
015.875  000.022  000.022: sourcing nvim_exec2() called at /Users/rohan/.config/nvim/init.lua:0
015.882  000.004  000.004: sourcing nvim_exec2() called at /Users/rohan/.config/nvim/init.lua:0
016.023  000.003  000.003: sourcing nvim_exec2() called at /Users/rohan/.config/nvim/init.lua:0
016.032  000.001  000.001: sourcing nvim_exec2() called at /Users/rohan/.config/nvim/init.lua:0
016.038  000.002  000.002: sourcing nvim_exec2() called at /Users/rohan/.config/nvim/init.lua:0
016.043  000.001  000.001: sourcing nvim_exec2() called at /Users/rohan/.config/nvim/init.lua:0
016.048  000.001  000.001: sourcing nvim_exec2() called at /Users/rohan/.config/nvim/init.lua:0
016.053  000.001  000.001: sourcing nvim_exec2() called at /Users/rohan/.config/nvim/init.lua:0
016.057  000.001  000.001: sourcing nvim_exec2() called at /Users/rohan/.config/nvim/init.lua:0
016.064  000.001  000.001: sourcing nvim_exec2() called at /Users/rohan/.config/nvim/init.lua:0
016.068  000.001  000.001: sourcing nvim_exec2() called at /Users/rohan/.config/nvim/init.lua:0
016.072  000.001  000.001: sourcing nvim_exec2() called at /Users/rohan/.config/nvim/init.lua:0
016.077  000.001  000.001: sourcing nvim_exec2() called at /Users/rohan/.config/nvim/init.lua:0
016.086  000.002  000.002: sourcing nvim_exec2() called at /Users/rohan/.config/nvim/init.lua:0
016.090  000.001  000.001: sourcing nvim_exec2() called at /Users/rohan/.config/nvim/init.lua:0
016.111  000.001  000.001: sourcing nvim_exec2() called at /Users/rohan/.config/nvim/init.lua:0
016.118  000.001  000.001: sourcing nvim_exec2() called at /Users/rohan/.config/nvim/init.lua:0
016.122  000.001  000.001: sourcing nvim_exec2() called at /Users/rohan/.config/nvim/init.lua:0
016.127  000.001  000.001: sourcing nvim_exec2() called at /Users/rohan/.config/nvim/init.lua:0
016.130  000.001  000.001: sourcing nvim_exec2() called at /Users/rohan/.config/nvim/init.lua:0
016.134  000.001  000.001: sourcing nvim_exec2() called at /Users/rohan/.config/nvim/init.lua:0
016.137  000.001  000.001: sourcing nvim_exec2() called at /Users/rohan/.config/nvim/init.lua:0
016.142  000.001  000.001: sourcing nvim_exec2() called at /Users/rohan/.config/nvim/init.lua:0
016.256  000.011  000.011: sourcing nvim_exec2() called at /Users/rohan/.config/nvim/init.lua:0
016.260  000.001  000.001: sourcing nvim_exec2() called at /Users/rohan/.config/nvim/init.lua:0
016.264  000.002  000.002: sourcing nvim_exec2() called at /Users/rohan/.config/nvim/init.lua:0
016.267  000.002  000.002: sourcing nvim_exec2() called at /Users/rohan/.config/nvim/init.lua:0
016.588  000.002  000.002: sourcing nvim_exec2() called at /Users/rohan/.config/nvim/init.lua:0
016.592  000.001  000.001: sourcing nvim_exec2() called at /Users/rohan/.config/nvim/init.lua:0
016.597  000.001  000.001: sourcing nvim_exec2() called at /Users/rohan/.config/nvim/init.lua:0
016.601  000.001  000.001: sourcing nvim_exec2() called at /Users/rohan/.config/nvim/init.lua:0
016.605  000.001  000.001: sourcing nvim_exec2() called at /Users/rohan/.config/nvim/init.lua:0
016.611  000.001  000.001: sourcing nvim_exec2() called at /Users/rohan/.config/nvim/init.lua:0
016.615  000.002  000.002: sourcing nvim_exec2() called at /Users/rohan/.config/nvim/init.lua:0
016.621  000.001  000.001: sourcing nvim_exec2() called at /Users/rohan/.config/nvim/init.lua:0
016.625  000.001  000.001: sourcing nvim_exec2() called at /Users/rohan/.config/nvim/init.lua:0
016.630  000.001  000.001: sourcing nvim_exec2() called at /Users/rohan/.config/nvim/init.lua:0
016.634  000.001  000.001: sourcing nvim_exec2() called at /Users/rohan/.config/nvim/init.lua:0
016.639  000.001  000.001: sourcing nvim_exec2() called at /Users/rohan/.config/nvim/init.lua:0
016.644  000.001  000.001: sourcing nvim_exec2() called at /Users/rohan/.config/nvim/init.lua:0
016.723  000.002  000.002: sourcing nvim_exec2() called at /Users/rohan/.config/nvim/init.lua:0
016.729  000.001  000.001: sourcing nvim_exec2() called at /Users/rohan/.config/nvim/init.lua:0
016.736  000.001  000.001: sourcing nvim_exec2() called at /Users/rohan/.config/nvim/init.lua:0
016.740  000.001  000.001: sourcing nvim_exec2() called at /Users/rohan/.config/nvim/init.lua:0
016.745  000.001  000.001: sourcing nvim_exec2() called at /Users/rohan/.config/nvim/init.lua:0
016.749  000.001  000.001: sourcing nvim_exec2() called at /Users/rohan/.config/nvim/init.lua:0
016.753  000.001  000.001: sourcing nvim_exec2() called at /Users/rohan/.config/nvim/init.lua:0
016.757  000.001  000.001: sourcing nvim_exec2() called at /Users/rohan/.config/nvim/init.lua:0
016.790  000.001  000.001: sourcing nvim_exec2() called at /Users/rohan/.config/nvim/init.lua:0
016.793  000.001  000.001: sourcing nvim_exec2() called at /Users/rohan/.config/nvim/init.lua:0
016.797  000.001  000.001: sourcing nvim_exec2() called at /Users/rohan/.config/nvim/init.lua:0
016.801  000.001  000.001: sourcing nvim_exec2() called at /Users/rohan/.config/nvim/init.lua:0
016.806  000.001  000.001: sourcing nvim_exec2() called at /Users/rohan/.config/nvim/init.lua:0
016.810  000.001  000.001: sourcing nvim_exec2() called at /Users/rohan/.config/nvim/init.lua:0
016.816  000.001  000.001: sourcing nvim_exec2() called at /Users/rohan/.config/nvim/init.lua:0
017.221  000.169  000.169: require('lualine.utils.mode')
017.262  000.006  000.006: sourcing nvim_exec2() called at /Users/rohan/.config/nvim/init.lua:0
017.296  000.003  000.003: sourcing nvim_exec2() called at /Users/rohan/.config/nvim/init.lua:0
017.306  000.007  000.007: sourcing nvim_exec2() called at /Users/rohan/.config/nvim/init.lua:0
017.338  000.004  000.004: sourcing nvim_exec2() called at /Users/rohan/.config/nvim/init.lua:0
017.342  000.002  000.002: sourcing nvim_exec2() called at /Users/rohan/.config/nvim/init.lua:0
017.717  000.077  000.077: require('bufferline.lazy')
017.955  000.198  000.198: require('bufferline.commands')
018.252  000.296  000.296: require('bufferline.config')
018.255  000.906  000.335: require('bufferline')
018.809  000.173  000.173: require('bufferline.utils')
018.810  000.491  000.318: require('bufferline.groups')
018.888  000.070  000.070: require('bufferline.constants')
018.989  000.099  000.099: require('bufferline.colors')
019.165  000.138  000.138: require('bufferline.highlights')
019.256  000.004  000.004: require('vim.F')
019.899  000.267  000.267: require('vim.version')
020.568  001.030  000.762: require('bufferline.hover')
020.939  000.347  000.347: require('bufferline.ui')
021.983  001.039  001.039: require('vim.diagnostic')
022.175  000.156  000.156: require('gitsigns')
022.733  000.265  000.265: require('gitsigns.util')
022.744  000.542  000.277: require('gitsigns.config')
023.348  000.188  000.188: require('gitsigns.debug.log')
023.683  000.807  000.619: require('gitsigns.highlight')
023.804  000.107  000.107: require('gitsigns.debounce')
023.810  016.674  005.294: require('plugins.ui')
024.823  000.079  000.079: require('nvim-autopairs._log')
024.995  000.171  000.171: require('nvim-autopairs.utils')
025.000  000.452  000.202: require('nvim-autopairs.conds')
025.003  000.609  000.156: require('nvim-autopairs.rule')
025.005  000.742  000.133: require('nvim-autopairs.rules.basic')
025.012  001.118  000.377: require('nvim-autopairs')
025.859  000.122  000.122: require('telescope._extensions')
025.861  000.338  000.215: require('telescope')
027.081  000.176  000.176: require('plenary.bit')
027.185  000.103  000.103: require('plenary.functional')
027.199  000.009  000.009: require('ffi')
027.226  000.714  000.426: require('plenary.path')
027.234  000.890  000.176: require('plenary.strings')
027.747  000.173  000.173: require('plenary.log')
027.755  000.260  000.088: require('telescope.log')
028.450  000.081  000.081: require('plenary.compat')
028.454  000.375  000.294: require('plenary.job')
028.543  000.089  000.089: require('telescope.state')
028.562  000.806  000.342: require('telescope.utils')
028.565  001.330  000.264: require('telescope.sorters')
029.374  003.513  001.293: require('telescope.config')
029.963  000.126  000.126: require('which-key')
030.157  000.193  000.193: require('which-key.config')
030.314  000.109  000.109: require('trouble')
030.504  000.190  000.190: require('trouble.config')
030.826  000.189  000.189: require('trouble.util')
030.828  000.317  000.128: require('trouble.config.highlights')
031.391  000.098  000.098: require('trouble.cache')
031.568  000.177  000.177: require('trouble.format')
031.676  000.107  000.107: require('trouble.view.indent')
031.829  000.152  000.152: require('trouble.view.text')
031.831  000.704  000.171: require('trouble.view.render')
031.832  000.838  000.134: require('trouble.view.preview')
031.833  000.947  000.109: require('trouble.view.main')
031.861  000.018  000.018: require('vim.fs')
031.881  008.070  001.202: require('plugins.editor')
032.541  000.076  000.076: require('cmp.utils.debug')
032.790  000.118  000.118: require('cmp.utils.char')
032.794  000.252  000.133: require('cmp.utils.str')
033.209  000.152  000.152: require('cmp.utils.misc')
033.286  000.076  000.076: require('cmp.utils.buffer')
033.399  000.112  000.112: require('cmp.utils.api')
033.401  000.512  000.173: require('cmp.utils.keymap')
033.402  000.608  000.095: require('cmp.utils.feedkeys')
034.003  000.096  000.096: require('cmp.types.cmp')
034.158  000.154  000.154: require('cmp.types.lsp')
034.227  000.069  000.069: require('cmp.types.vim')
034.228  000.398  000.080: require('cmp.types')
034.231  000.526  000.128: require('cmp.config.mapping')
034.317  000.086  000.086: require('cmp.utils.cache')
034.618  000.178  000.178: require('cmp.config.compare')
034.701  000.082  000.082: require('cmp.config.window')
034.702  000.384  000.124: require('cmp.config.default')
034.734  001.175  000.180: require('cmp.config')
034.739  001.337  000.162: require('cmp.utils.async')
035.028  000.182  000.182: require('cmp.utils.pattern')
035.030  000.290  000.108: require('cmp.context')
035.832  000.262  000.262: require('cmp.utils.snippet')
035.993  000.160  000.160: require('cmp.matcher')
036.178  000.926  000.504: require('cmp.entry')
036.183  001.153  000.226: require('cmp.source')
036.446  000.085  000.085: require('cmp.utils.event')
036.842  000.074  000.074: require('cmp.utils.options')
036.844  000.267  000.192: require('cmp.utils.window')
036.845  000.399  000.132: require('cmp.view.docs_view')
037.232  000.093  000.093: require('cmp.utils.autocmd')
037.235  000.390  000.296: require('cmp.view.custom_entries_view')
037.416  000.180  000.180: require('cmp.view.wildmenu_entries_view')
037.567  000.151  000.151: require('cmp.view.native_entries_view')
037.710  000.142  000.142: require('cmp.view.ghost_text_view')
037.714  001.530  000.185: require('cmp.view')
038.311  006.123  000.879: require('cmp.core')
038.434  000.077  000.077: require('cmp.config.sources')
038.499  006.528  000.329: require('cmp')
039.515  000.074  000.074: require('luasnip.util.types')
039.580  000.064  000.064: require('luasnip.util.lazy_table')
039.684  000.103  000.103: require('luasnip.extras.filetype_functions')
039.709  000.421  000.179: require('luasnip.default_config')
039.710  000.502  000.081: require('luasnip.session')
040.443  000.733  000.733: require('luasnip.util.vimversion')
040.447  001.462  000.228: require('luasnip.util.util')
040.873  000.129  000.129: require('luasnip.util.str')
040.939  000.065  000.065: require('luasnip.util.table')
041.032  000.092  000.092: require('luasnip.util.ext_opts')
041.093  000.060  000.060: require('luasnip.nodes.key_indexer')
041.206  000.112  000.112: require('luasnip.util.feedkeys')
041.415  000.208  000.208: require('luasnip.nodes.util.snippet_string')
041.418  000.970  000.303: require('luasnip.nodes.util')
041.629  000.068  000.068: require('luasnip.session.snippet_collection.source')
041.702  000.072  000.072: require('luasnip.util.auto_table')
041.706  000.287  000.147: require('luasnip.session.snippet_collection')
042.054  000.101  000.101: require('luasnip.util.select')
042.118  000.063  000.063: require('luasnip.util.time')
042.307  000.469  000.305: require('luasnip.util._builtin_vars')
042.340  000.603  000.134: require('luasnip.util.environ')
042.417  000.076  000.076: require('luasnip.util.extend_decorator')
042.660  000.137  000.137: require('luasnip.util.path')
042.957  000.155  000.155: require('luasnip.util.log')
042.960  000.299  000.144: require('luasnip.loaders.util')
043.025  000.065  000.065: require('luasnip.loaders.data')
043.261  000.235  000.235: require('luasnip.loaders.fs_watchers')
043.263  000.845  000.109: require('luasnip.loaders')
043.367  000.096  000.096: require('luasnip.config')
043.368  004.869  000.529: require('luasnip')
043.945  000.318  000.318: require('conform')
043.982  012.100  000.385: require('plugins.coding')
044.128  000.094  000.094: require('nvim-treesitter')
044.246  000.117  000.117: require('nvim-treesitter.config')
044.291  000.308  000.097: require('plugins.treesitter')
044.624  000.083  000.083: require('mason-core.path')
044.921  000.063  000.063: require('mason-core.functional.data')
045.035  000.113  000.113: require('mason-core.functional.function')
045.166  000.129  000.129: require('mason-core.functional.list')
045.236  000.067  000.067: require('mason-core.functional.relation')
045.316  000.078  000.078: require('mason-core.functional.logic')
045.381  000.064  000.064: require('mason-core.functional.number')
045.471  000.088  000.088: require('mason-core.functional.string')
045.563  000.090  000.090: require('mason-core.functional.table')
045.649  000.084  000.084: require('mason-core.functional.type')
045.650  000.893  000.118: require('mason-core.functional')
045.666  001.041  000.148: require('mason-core.platform')
045.761  000.094  000.094: require('mason.settings')
045.763  001.321  000.103: require('mason-core.installer.InstallLocation')
046.106  000.132  000.132: require('mason-core.log')
046.107  000.209  000.078: require('mason-core.EventEmitter')
046.238  000.130  000.130: require('mason-registry.sources')
046.249  000.485  000.146: require('mason-registry')
046.250  001.898  000.091: require('mason')
046.443  000.162  000.162: require('mason.api.command')
046.614  000.064  000.064: require('mason-lspconfig.settings')
046.615  000.171  000.107: require('mason-lspconfig')
046.764  000.128  000.128: require('mason-core.async')
046.951  000.066  000.066: require('mason-core.async.uv')
046.972  000.207  000.141: require('mason-core.fs')
047.240  000.112  000.112: require('mason-core.result')
047.584  000.156  000.156: require('mason-core.process')
047.701  000.116  000.116: require('mason-core.spawn')
047.702  000.351  000.079: require('mason-core.installer.managers.powershell')
047.765  000.062  000.062: require('mason.version')
047.766  000.525  000.112: require('mason-core.fetch')
047.850  000.084  000.084: require('mason-core.providers')
048.011  000.086  000.086: require('mason-core.optional')
048.389  000.145  000.145: require('mason-core.purl')
048.486  000.097  000.097: require('mason-core.async.control')
048.490  000.362  000.120: require('mason-core.package.AbstractPackage')
049.016  000.114  000.114: require('mason-core.installer.compiler.expr')
049.019  000.263  000.149: require('mason-core.installer.compiler.link')
049.547  000.073  000.073: require('mason-core.installer.context.InstallContextCwd')
049.637  000.089  000.089: require('mason-core.installer.context.InstallContextFs')
049.712  000.074  000.074: require('mason-core.installer.context.InstallContextSpawn')
049.814  000.101  000.101: require('mason-core.receipt')
049.822  000.507  000.169: require('mason-core.installer.context')
049.823  000.571  000.065: require('mason-core.installer')
049.828  000.713  000.142: require('mason-core.installer.managers.std')
049.829  000.809  000.096: require('mason-core.installer.compiler.schemas')
049.915  000.085  000.085: require('mason-core.installer.compiler.util')
049.918  001.294  000.137: require('mason-core.installer.compiler')
050.039  000.120  000.120: require('mason-core.installer.linker')
050.041  001.550  000.136: require('mason-core.installer.InstallRunner')
050.135  000.093  000.093: require('mason-core.installer.UninstallRunner')
050.138  002.127  000.122: require('mason-core.package')
050.140  002.289  000.075: require('mason-registry.sources.util')
050.143  003.135  000.125: require('mason-registry.sources.github')
050.316  000.099  000.099: require('mason-registry.sources.synthesized')
052.254  000.067  000.067: require('mason-lspconfig.mappings')
052.256  000.157  000.090: require('mason-lspconfig.features.automatic_enable')
056.835  000.775  000.775: require('vim.lsp.protocol')
056.849  000.970  000.195: require('vim.lsp.log')
057.576  000.004  000.004: require('vim._core.util')
057.582  000.731  000.727: require('vim.lsp.util')
057.919  000.157  000.157: require('vim.lsp.sync')
057.921  000.339  000.181: require('vim.lsp._changetracking')
058.276  000.120  000.120: require('vim.lsp._transport')
058.279  000.003  000.003: require('vim._core.stringbuffer')
058.294  000.372  000.250: require('vim.lsp.rpc')
058.320  003.148  000.736: require('vim.lsp')
061.283  000.057  000.057: require('mason-lspconfig.notify')
061.293  000.182  000.125: require('mason-lspconfig.api.command')
061.478  000.094  000.094: require('cmp_nvim_lsp.source')
061.479  000.184  000.089: require('cmp_nvim_lsp')
062.677  018.386  008.916: require('plugins.lsp')
062.678  056.090  000.217: sourcing /Users/rohan/.config/nvim/init.lua
062.683  001.061: sourcing vimrc file(s)
062.945  000.100  000.100: sourcing nvim_exec2() called at /opt/homebrew/Cellar/neovim/0.12.3/share/nvim/runtime/filetype.lua:0
062.947  000.138  000.038: sourcing /opt/homebrew/Cellar/neovim/0.12.3/share/nvim/runtime/filetype.lua
063.134  000.045  000.045: sourcing /opt/homebrew/Cellar/neovim/0.12.3/share/nvim/runtime/syntax/synload.vim
063.180  000.180  000.135: sourcing /opt/homebrew/Cellar/neovim/0.12.3/share/nvim/runtime/syntax/syntax.vim
064.338  000.082  000.082: sourcing /opt/homebrew/Cellar/neovim/0.12.3/share/nvim/runtime/plugin/gzip.vim
064.728  000.075  000.075: sourcing /opt/homebrew/Cellar/neovim/0.12.3/share/nvim/runtime/pack/dist/opt/matchit/plugin/matchit.vim
064.750  000.389  000.313: sourcing /opt/homebrew/Cellar/neovim/0.12.3/share/nvim/runtime/plugin/matchit.vim
064.842  000.068  000.068: sourcing /opt/homebrew/Cellar/neovim/0.12.3/share/nvim/runtime/plugin/matchparen.vim
065.229  000.084  000.084: sourcing /opt/homebrew/Cellar/neovim/0.12.3/share/nvim/runtime/pack/dist/opt/netrw/plugin/netrwPlugin.vim
065.249  000.382  000.298: sourcing /opt/homebrew/Cellar/neovim/0.12.3/share/nvim/runtime/plugin/netrwPlugin.vim
065.349  000.073  000.073: sourcing /opt/homebrew/Cellar/neovim/0.12.3/share/nvim/runtime/plugin/rplugin.vim
065.410  000.035  000.035: sourcing /opt/homebrew/Cellar/neovim/0.12.3/share/nvim/runtime/plugin/tarPlugin.vim
065.446  000.008  000.008: sourcing /opt/homebrew/Cellar/neovim/0.12.3/share/nvim/runtime/plugin/tutor.vim
065.519  000.046  000.046: sourcing /opt/homebrew/Cellar/neovim/0.12.3/share/nvim/runtime/plugin/zipPlugin.vim
065.567  000.021  000.021: sourcing /opt/homebrew/Cellar/neovim/0.12.3/share/nvim/runtime/plugin/editorconfig.lua
065.625  000.031  000.031: sourcing /opt/homebrew/Cellar/neovim/0.12.3/share/nvim/runtime/plugin/man.lua
065.712  000.059  000.059: sourcing /opt/homebrew/Cellar/neovim/0.12.3/share/nvim/runtime/plugin/net.lua
065.782  000.044  000.044: sourcing /opt/homebrew/Cellar/neovim/0.12.3/share/nvim/runtime/plugin/osc52.lua
065.859  000.050  000.050: sourcing /opt/homebrew/Cellar/neovim/0.12.3/share/nvim/runtime/plugin/shada.lua
065.906  000.017  000.017: sourcing /opt/homebrew/Cellar/neovim/0.12.3/share/nvim/runtime/plugin/spellfile.lua
065.926  001.622: loading rtp plugins
066.328  000.014  000.014: sourcing /Users/rohan/.local/share/nvim/site/pack/plugins/start/conform.nvim/plugin/conform.lua
066.467  000.017  000.017: sourcing /Users/rohan/.local/share/nvim/site/pack/plugins/start/dress