--- Startup times for process: Primary (or UI client) ---

times in msec
 clock   self+sourced   self:  sourced script
 clock   elapsed:              other lines

000.000  000.000: --- NVIM STARTING ---
000.066  000.066: event init
000.208  000.142: early init
000.517  000.309: locale set
000.543  000.026: init first window
000.929  000.386: inits 1
000.938  000.009: window checked
000.940  000.002: parsing arguments
001.433  000.039  000.039: require('vim._core.shared')
001.493  000.003  000.003: require('string.buffer')
001.511  000.034  000.032: require('vim.inspect')
001.552  000.033  000.033: require('vim._core.options')
001.554  000.118  000.050: require('vim._core.editor')
001.601  000.046  000.046: require('vim._core.system')
001.602  000.232  000.029: require('vim._init_packages')
001.605  000.433: init lua interpreter
003.148  001.543: expanding arguments
003.160  000.012: inits 2
003.365  000.205: init highlight
003.391  000.026: clear screen
003.519  000.011  000.011: require('vim.keymap')
004.201  000.112  000.112: sourcing nvim_exec2()
004.229  000.005  000.005: require('vim._core.log')
004.302  000.907  000.780: require('vim._core.defaults')
004.303  000.004: init default mappings & autocommands
005.184  000.046  000.046: sourcing /opt/homebrew/Cellar/neovim/0.12.3/share/nvim/runtime/ftplugin.vim
005.330  000.023  000.023: sourcing /opt/homebrew/Cellar/neovim/0.12.3/share/nvim/runtime/indent.vim
005.776  000.217  000.217: require('config.options')
006.048  000.271  000.271: require('config.keymaps')
006.711  000.141  000.141: require('tokyonight.config')
006.712  000.376  000.235: require('tokyonight')
007.184  000.135  000.135: require('tokyonight.theme')
007.651  000.219  000.219: require('tokyonight.util')
007.653  000.372  000.153: require('tokyonight.colors')
008.294  000.410  000.410: require('tokyonight.hsluv')
008.758  000.225  000.225: require('tokyonight.groups')
010.023  003.026  001.885: sourcing /Users/rohan/.local/share/nvim/site/pack/plugins/start/tokyonight.nvim/colors/tokyonight-storm.lua
010.028  003.250  000.223: sourcing nvim_exec2() called at /Users/rohan/.config/nvim/init.lua:0
010.285  000.213  000.213: require('neo-tree')
010.621  000.334  000.334: require('neo-tree.log')
011.189  000.139  000.139: require('lualine_require')
011.411  000.738  000.599: require('lualine')
011.535  000.009  000.009: sourcing nvim_exec2() called at /Users/rohan/.config/nvim/init.lua:0
011.926  000.127  000.127: require('lualine.themes._tokyonight')
012.746  000.006  000.006: sourcing nvim_exec2() called at /Users/rohan/.config/nvim/init.lua:0
012.754  000.002  000.002: sourcing nvim_exec2() called at /Users/rohan/.config/nvim/init.lua:0
012.758  000.001  000.001: sourcing nvim_exec2() called at /Users/rohan/.config/nvim/init.lua:0
012.763  000.001  000.001: sourcing nvim_exec2() called at /Users/rohan/.config/nvim/init.lua:0
012.767  000.001  000.001: sourcing nvim_exec2() called at /Users/rohan/.config/nvim/init.lua:0
012.779  000.002  000.002: sourcing nvim_exec2() called at /Users/rohan/.config/nvim/init.lua:0
012.786  000.001  000.001: sourcing nvim_exec2() called at /Users/rohan/.config/nvim/init.lua:0
012.791  000.002  000.002: sourcing nvim_exec2() called at /Users/rohan/.config/nvim/init.lua:0
012.795  000.001  000.001: sourcing nvim_exec2() called at /Users/rohan/.config/nvim/init.lua:0
012.799  000.001  000.001: sourcing nvim_exec2() called at /Users/rohan/.config/nvim/init.lua:0
012.829  000.001  000.001: sourcing nvim_exec2() called at /Users/rohan/.config/nvim/init.lua:0
012.832  000.001  000.001: sourcing nvim_exec2() called at /Users/rohan/.config/nvim/init.lua:0
012.835  000.001  000.001: sourcing nvim_exec2() called at /Users/rohan/.config/nvim/init.lua:0
012.839  000.001  000.001: sourcing nvim_exec2() called at /Users/rohan/.config/nvim/init.lua:0
012.843  000.001  000.001: sourcing nvim_exec2() called at /Users/rohan/.config/nvim/init.lua:0
012.848  000.001  000.001: sourcing nvim_exec2() called at /Users/rohan/.config/nvim/init.lua:0
012.851  000.001  000.001: sourcing nvim_exec2() called at /Users/rohan/.config/nvim/init.lua:0
012.861  000.008  000.008: sourcing nvim_exec2() called at /Users/rohan/.config/nvim/init.lua:0
013.654  000.017  000.017: sourcing nvim_exec2() called at /Users/rohan/.config/nvim/init.lua:0
013.659  000.002  000.002: sourcing nvim_exec2() called at /Users/rohan/.config/nvim/init.lua:0
013.803  000.002  000.002: sourcing nvim_exec2() called at /Users/rohan/.config/nvim/init.lua:0
013.807  000.001  000.001: sourcing nvim_exec2() called at /Users/rohan/.config/nvim/init.lua:0
013.812  000.001  000.001: sourcing nvim_exec2() called at /Users/rohan/.config/nvim/init.lua:0
013.845  000.001  000.001: sourcing nvim_exec2() called at /Users/rohan/.config/nvim/init.lua:0
013.850  000.001  000.001: sourcing nvim_exec2() called at /Users/rohan/.config/nvim/init.lua:0
013.854  000.001  000.001: sourcing nvim_exec2() called at /Users/rohan/.config/nvim/init.lua:0
013.857  000.001  000.001: sourcing nvim_exec2() called at /Users/rohan/.config/nvim/init.lua:0
013.863  000.001  000.001: sourcing nvim_exec2() called at /Users/rohan/.config/nvim/init.lua:0
013.866  000.001  000.001: sourcing nvim_exec2() called at /Users/rohan/.config/nvim/init.lua:0
013.870  000.001  000.001: sourcing nvim_exec2() called at /Users/rohan/.config/nvim/init.lua:0
013.874  000.001  000.001: sourcing nvim_exec2() called at /Users/rohan/.config/nvim/init.lua:0
013.894  000.002  000.002: sourcing nvim_exec2() called at /Users/rohan/.config/nvim/init.lua:0
013.899  000.001  000.001: sourcing nvim_exec2() called at /Users/rohan/.config/nvim/init.lua:0
013.902  000.001  000.001: sourcing nvim_exec2() called at /Users/rohan/.config/nvim/init.lua:0
013.907  000.001  000.001: sourcing nvim_exec2() called at /Users/rohan/.config/nvim/init.lua:0
013.910  000.001  000.001: sourcing nvim_exec2() called at /Users/rohan/.config/nvim/init.lua:0
013.914  000.001  000.001: sourcing nvim_exec2() called at /Users/rohan/.config/nvim/init.lua:0
013.918  000.001  000.001: sourcing nvim_exec2() called at /Users/rohan/.config/nvim/init.lua:0
013.921  000.001  000.001: sourcing nvim_exec2() called at /Users/rohan/.config/nvim/init.lua:0
013.924  000.001  000.001: sourcing nvim_exec2() called at /Users/rohan/.config/nvim/init.lua:0
013.927  000.001  000.001: sourcing nvim_exec2() called at /Users/rohan/.config/nvim/init.lua:0
014.031  000.007  000.007: sourcing nvim_exec2() called at /Users/rohan/.config/nvim/init.lua:0
014.036  000.001  000.001: sourcing nvim_exec2() called at /Users/rohan/.config/nvim/init.lua:0
014.039  000.002  000.002: sourcing nvim_exec2() called at /Users/rohan/.config/nvim/init.lua:0
014.044  000.003  000.003: sourcing nvim_exec2() called at /Users/rohan/.config/nvim/init.lua:0
014.375  000.002  000.002: sourcing nvim_exec2() called at /Users/rohan/.config/nvim/init.lua:0
014.379  000.001  000.001: sourcing nvim_exec2() called at /Users/rohan/.config/nvim/init.lua:0
014.383  000.001  000.001: sourcing nvim_exec2() called at /Users/rohan/.config/nvim/init.lua:0
014.388  000.001  000.001: sourcing nvim_exec2() called at /Users/rohan/.config/nvim/init.lua:0
014.392  000.001  000.001: sourcing nvim_exec2() called at /Users/rohan/.config/nvim/init.lua:0
014.397  000.001  000.001: sourcing nvim_exec2() called at /Users/rohan/.config/nvim/init.lua:0
014.402  000.002  000.002: sourcing nvim_exec2() called at /Users/rohan/.config/nvim/init.lua:0
014.408  000.001  000.001: sourcing nvim_exec2() called at /Users/rohan/.config/nvim/init.lua:0
014.414  000.001  000.001: sourcing nvim_exec2() called at /Users/rohan/.config/nvim/init.lua:0
014.418  000.001  000.001: sourcing nvim_exec2() called at /Users/rohan/.config/nvim/init.lua:0
014.422  000.001  000.001: sourcing nvim_exec2() called at /Users/rohan/.config/nvim/init.lua:0
014.427  000.001  000.001: sourcing nvim_exec2() called at /Users/rohan/.config/nvim/init.lua:0
014.431  000.001  000.001: sourcing nvim_exec2() called at /Users/rohan/.config/nvim/init.lua:0
014.495  000.002  000.002: sourcing nvim_exec2() called at /Users/rohan/.config/nvim/init.lua:0
014.507  000.001  000.001: sourcing nvim_exec2() called at /Users/rohan/.config/nvim/init.lua:0
014.619  000.002  000.002: sourcing nvim_exec2() called at /Users/rohan/.config/nvim/init.lua:0
014.624  000.001  000.001: sourcing nvim_exec2() called at /Users/rohan/.config/nvim/init.lua:0
014.654  000.001  000.001: sourcing nvim_exec2() called at /Users/rohan/.config/nvim/init.lua:0
014.658  000.002  000.002: sourcing nvim_exec2() called at /Users/rohan/.config/nvim/init.lua:0
014.662  000.001  000.001: sourcing nvim_exec2() called at /Users/rohan/.config/nvim/init.lua:0
014.666  000.001  000.001: sourcing nvim_exec2() called at /Users/rohan/.config/nvim/init.lua:0
014.672  000.001  000.001: sourcing nvim_exec2() called at /Users/rohan/.config/nvim/init.lua:0
014.677  000.001  000.001: sourcing nvim_exec2() called at /Users/rohan/.config/nvim/init.lua:0
014.681  000.001  000.001: sourcing nvim_exec2() called at /Users/rohan/.config/nvim/init.lua:0
014.684  000.001  000.001: sourcing nvim_exec2() called at /Users/rohan/.config/nvim/init.lua:0
014.688  000.001  000.001: sourcing nvim_exec2() called at /Users/rohan/.config/nvim/init.lua:0
014.691  000.001  000.001: sourcing nvim_exec2() called at /Users/rohan/.config/nvim/init.lua:0
014.697  000.001  000.001: sourcing nvim_exec2() called at /Users/rohan/.config/nvim/init.lua:0
015.004  000.101  000.101: require('lualine.utils.mode')
015.246  000.004  000.004: sourcing nvim_exec2() called at /Users/rohan/.config/nvim/init.lua:0
015.267  000.003  000.003: sourcing nvim_exec2() called at /Users/rohan/.config/nvim/init.lua:0
015.275  000.006  000.006: sourcing nvim_exec2() called at /Users/rohan/.config/nvim/init.lua:0
015.281  000.003  000.003: sourcing nvim_exec2() called at /Users/rohan/.config/nvim/init.lua:0
015.284  000.002  000.002: sourcing nvim_exec2() called at /Users/rohan/.config/nvim/init.lua:0
015.548  000.071  000.071: require('bufferline.lazy')
015.756  000.202  000.202: require('bufferline.commands')
016.115  000.346  000.346: require('bufferline.config')
016.117  000.829  000.210: require('bufferline')
016.908  000.277  000.277: require('bufferline.utils')
016.910  000.749  000.472: require('bufferline.groups')
017.002  000.073  000.073: require('bufferline.constants')
017.105  000.101  000.101: require('bufferline.colors')
017.310  000.137  000.137: require('bufferline.highlights')
017.362  000.003  000.003: require('vim.F')
017.903  000.269  000.269: require('vim.version')
018.602  001.057  000.788: require('bufferline.hover')
018.973  000.348  000.348: require('bufferline.ui')
020.052  001.076  001.076: require('vim.diagnostic')
020.239  000.163  000.163: require('gitsigns')
020.770  000.261  000.261: require('gitsigns.util')
020.776  000.508  000.247: require('gitsigns.config')
021.329  000.179  000.179: require('gitsigns.debug.log')
021.552  000.729  000.550: require('gitsigns.highlight')
021.665  000.102  000.102: require('gitsigns.debounce')
021.671  015.520  004.350: require('plugins.ui')
022.662  000.078  000.078: require('nvim-autopairs._log')
022.828  000.165  000.165: require('nvim-autopairs.utils')
022.832  000.443  000.199: require('nvim-autopairs.conds')
022.835  000.594  000.151: require('nvim-autopairs.rule')
022.836  000.725  000.131: require('nvim-autopairs.rules.basic')
022.841  001.092  000.367: require('nvim-autopairs')
023.399  000.106  000.106: require('telescope._extensions')
023.401  000.250  000.144: require('telescope')
024.478  000.204  000.204: require('plenary.bit')
024.592  000.113  000.113: require('plenary.functional')
024.611  000.011  000.011: require('ffi')
024.635  000.794  000.466: require('plenary.path')
024.645  000.969  000.174: require('plenary.strings')
025.388  000.297  000.297: require('plenary.log')
025.416  000.406  000.109: require('telescope.log')
026.191  000.085  000.085: require('plenary.compat')
026.197  000.358  000.273: require('plenary.job')
026.290  000.092  000.092: require('telescope.state')
026.305  000.887  000.437: require('telescope.utils')
026.308  001.662  000.368: require('telescope.sorters')
027.037  003.635  001.004: require('telescope.config')
027.543  000.118  000.118: require('which-key')
027.731  000.187  000.187: require('which-key.config')
027.848  000.103  000.103: require('trouble')
028.023  000.174  000.174: require('trouble.config')
028.338  000.189  000.189: require('trouble.util')
028.340  000.311  000.121: require('trouble.config.highlights')
028.917  000.096  000.096: require('trouble.cache')
029.095  000.177  000.177: require('trouble.format')
029.199  000.103  000.103: require('trouble.view.indent')
029.358  000.158  000.158: require('trouble.view.text')
029.360  000.703  000.169: require('trouble.view.render')
029.361  000.836  000.133: require('trouble.view.preview')
029.362  000.945  000.109: require('trouble.view.main')
029.392  000.018  000.018: require('vim.fs')
029.434  007.762  000.930: require('plugins.editor')
030.077  000.075  000.075: require('cmp.utils.debug')
030.318  000.111  000.111: require('cmp.utils.char')
030.321  000.243  000.133: require('cmp.utils.str')
030.761  000.157  000.157: require('cmp.utils.misc')
030.842  000.081  000.081: require('cmp.utils.buffer')
030.956  000.113  000.113: require('cmp.utils.api')
030.959  000.530  000.179: require('cmp.utils.keymap')
030.960  000.637  000.108: require('cmp.utils.feedkeys')
031.580  000.097  000.097: require('cmp.types.cmp')
031.720  000.139  000.139: require('cmp.types.lsp')
031.792  000.072  000.072: require('cmp.types.vim')
031.793  000.384  000.076: require('cmp.types')
031.795  000.519  000.135: require('cmp.config.mapping')
031.881  000.085  000.085: require('cmp.utils.cache')
032.154  000.162  000.162: require('cmp.config.compare')
032.237  000.083  000.083: require('cmp.config.window')
032.238  000.355  000.111: require('cmp.config.default')
032.247  001.125  000.166: require('cmp.config')
032.253  001.293  000.167: require('cmp.utils.async')
032.438  000.080  000.080: require('cmp.utils.pattern')
032.439  000.185  000.106: require('cmp.context')
033.173  000.244  000.244: require('cmp.utils.snippet')
033.338  000.164  000.164: require('cmp.matcher')
033.594  000.953  000.545: require('cmp.entry')
033.598  001.158  000.205: require('cmp.source')
033.855  000.081  000.081: require('cmp.utils.event')
034.253  000.072  000.072: require('cmp.utils.options')
034.255  000.265  000.193: require('cmp.utils.window')
034.256  000.400  000.135: require('cmp.view.docs_view')
034.651  000.092  000.092: require('cmp.utils.autocmd')
034.656  000.399  000.307: require('cmp.view.custom_entries_view')
034.842  000.186  000.186: require('cmp.view.wildmenu_entries_view')
034.994  000.151  000.151: require('cmp.view.native_entries_view')
035.150  000.155  000.155: require('cmp.view.ghost_text_view')
035.155  001.557  000.185: require('cmp.view')
035.548  005.817  000.668: require('cmp.core')
035.711  000.083  000.083: require('cmp.config.sources')
035.753  006.233  000.334: require('cmp')
036.760  000.071  000.071: require('luasnip.util.types')
036.828  000.068  000.068: require('luasnip.util.lazy_table')
036.928  000.099  000.099: require('luasnip.extras.filetype_functions')
036.938  000.389  000.152: require('luasnip.default_config')
036.939  000.470  000.081: require('luasnip.session')
037.465  000.525  000.525: require('luasnip.util.vimversion')
037.469  001.240  000.244: require('luasnip.util.util')
037.948  000.142  000.142: require('luasnip.util.str')
038.019  000.070  000.070: require('luasnip.util.table')
038.120  000.100  000.100: require('luasnip.util.ext_opts')
038.183  000.063  000.063: require('luasnip.nodes.key_indexer')
038.338  000.154  000.154: require('luasnip.util.feedkeys')
038.647  000.309  000.309: require('luasnip.nodes.util.snippet_string')
038.654  001.184  000.346: require('luasnip.nodes.util')
038.937  000.074  000.074: require('luasnip.session.snippet_collection.source')
039.044  000.106  000.106: require('luasnip.util.auto_table')
039.055  000.400  000.220: require('luasnip.session.snippet_collection')
039.526  000.116  000.116: require('luasnip.util.select')
039.588  000.062  000.062: require('luasnip.util.time')
039.708  000.492  000.314: require('luasnip.util._builtin_vars')
039.754  000.698  000.206: require('luasnip.util.environ')
039.832  000.077  000.077: require('luasnip.util.extend_decorator')
040.068  000.133  000.133: require('luasnip.util.path')
040.353  000.146  000.146: require('luasnip.util.log')
040.355  000.287  000.141: require('luasnip.loaders.util')
040.420  000.064  000.064: require('luasnip.loaders.data')
040.637  000.216  000.216: require('luasnip.loaders.fs_watchers')
040.658  000.826  000.125: require('luasnip.loaders')
040.783  000.096  000.096: require('luasnip.config')
040.803  005.049  000.527: require('luasnip')
041.515  000.319  000.319: require('conform')
041.532  012.098  000.497: require('plugins.coding')
041.673  000.089  000.089: require('nvim-treesitter')
041.788  000.114  000.114: require('nvim-treesitter.config')
041.803  000.270  000.066: require('plugins.treesitter')
042.105  000.075  000.075: require('mason-core.path')
042.405  000.065  000.065: require('mason-core.functional.data')
042.504  000.097  000.097: require('mason-core.functional.function')
042.637  000.131  000.131: require('mason-core.functional.list')
042.709  000.069  000.069: require('mason-core.functional.relation')
042.804  000.093  000.093: require('mason-core.functional.logic')
042.885  000.068  000.068: require('mason-core.functional.number')
042.977  000.090  000.090: require('mason-core.functional.string')
043.063  000.084  000.084: require('mason-core.functional.table')
043.131  000.066  000.066: require('mason-core.functional.type')
043.132  000.897  000.134: require('mason-core.functional')
043.150  001.045  000.148: require('mason-core.platform')
043.313  000.162  000.162: require('mason.settings')
043.315  001.377  000.095: require('mason-core.installer.InstallLocation')
043.681  000.144  000.144: require('mason-core.log')
043.683  000.226  000.082: require('mason-core.EventEmitter')
043.817  000.134  000.134: require('mason-registry.sources')
043.829  000.513  000.154: require('mason-registry')
043.830  001.969  000.080: require('mason')
044.091  000.170  000.170: require('mason.api.command')
044.265  000.066  000.066: require('mason-lspconfig.settings')
044.266  000.173  000.107: require('mason-lspconfig')
044.396  000.126  000.126: require('mason-core.async')
044.584  000.061  000.061: require('mason-core.async.uv')
044.587  000.191  000.130: require('mason-core.fs')
044.881  000.103  000.103: require('mason-core.result')
045.220  000.156  000.156: require('mason-core.process')
045.333  000.112  000.112: require('mason-core.spawn')
045.334  000.349  000.081: require('mason-core.installer.managers.powershell')
045.394  000.059  000.059: require('mason.version')
045.395  000.514  000.106: require('mason-core.fetch')
045.478  000.082  000.082: require('mason-core.providers')
045.636  000.085  000.085: require('mason-core.optional')
046.032  000.167  000.167: require('mason-core.purl')
046.130  000.097  000.097: require('mason-core.async.control')
046.132  000.384  000.120: require('mason-core.package.AbstractPackage')
046.651  000.096  000.096: require('mason-core.installer.compiler.expr')
046.654  000.247  000.151: require('mason-core.installer.compiler.link')
047.174  000.076  000.076: require('mason-core.installer.context.InstallContextCwd')
047.266  000.091  000.091: require('mason-core.installer.context.InstallContextFs')
047.342  000.076  000.076: require('mason-core.installer.context.InstallContextSpawn')
047.445  000.102  000.102: require('mason-core.receipt')
047.453  000.515  000.171: require('mason-core.installer.context')
047.454  000.578  000.063: require('mason-core.installer')
047.458  000.719  000.140: require('mason-core.installer.managers.std')
047.459  000.804  000.086: require('mason-core.installer.compiler.schemas')
047.542  000.083  000.083: require('mason-core.installer.compiler.util')
047.545  001.274  000.140: require('mason-core.installer.compiler')
047.671  000.124  000.124: require('mason-core.installer.linker')
047.672  001.539  000.141: require('mason-core.installer.InstallRunner')
047.768  000.095  000.095: require('mason-core.installer.UninstallRunner')
047.771  002.134  000.116: require('mason-core.package')
047.772  002.293  000.074: require('mason-registry.sources.util')
047.776  003.124  000.131: require('mason-registry.sources.github')
047.933  000.092  000.092: require('mason-registry.sources.synthesized')
049.880  000.071  000.071: require('mason-lspconfig.mappings')
049.882  000.153  000.082: require('mason-lspconfig.features.automatic_enable')
053.841  000.506  000.506: require('vim.lsp.protocol')
053.877  000.695  000.189: require('vim.lsp.log')
054.608  000.005  000.005: require('vim._core.util')
054.615  000.737  000.732: require('vim.lsp.util')
054.961  000.158  000.158: require('vim.lsp.sync')
054.965  000.349  000.190: require('vim.lsp._changetracking')
055.345  000.121  000.121: require('vim.lsp._transport')
055.349  000.003  000.003: require('vim._core.stringbuffer')
055.369  000.404  000.279: require('vim.lsp.rpc')
055.401  002.911  000.726: require('vim.lsp')
058.515  000.057  000.057: require('mason-lspconfig.notify')
058.531  000.189  000.132: require('mason-lspconfig.api.command')
058.718  000.094  000.094: require('cmp_nvim_lsp.source')
058.720  000.186  000.091: require('cmp_nvim_lsp')
059.724  017.921  008.638: require('plugins.lsp')
059.728  054.304  000.246: sourcing /Users/rohan/.config/nvim/init.lua
059.735  001.059: sourcing vimrc file(s)
060.065  000.118  000.118: sourcing nvim_exec2() called at /opt/homebrew/Cellar/neovim/0.12.3/share/nvim/runtime/filetype.lua:0
060.067  000.165  000.047: sourcing /opt/homebrew/Cellar/neovim/0.12.3/share/nvim/runtime/filetype.lua
060.266  000.047  000.047: sourcing /opt/homebrew/Cellar/neovim/0.12.3/share/nvim/runtime/syntax/synload.vim
060.313  000.187  000.140: sourcing /opt/homebrew/Cellar/neovim/0.12.3/share/nvim/runtime/syntax/syntax.vim
061.453  000.078  000.078: sourcing /opt/homebrew/Cellar/neovim/0.12.3/share/nvim/runtime/plugin/gzip.vim
061.851  000.073  000.073: sourcing /opt/homebrew/Cellar/neovim/0.12.3/share/nvim/runtime/pack/dist/opt/matchit/plugin/matchit.vim
061.871  000.392  000.319: sourcing /opt/homebrew/Cellar/neovim/0.12.3/share/nvim/runtime/plugin/matchit.vim
061.952  000.057  000.057: sourcing /opt/homebrew/Cellar/neovim/0.12.3/share/nvim/runtime/plugin/matchparen.vim
062.343  000.082  000.082: sourcing /opt/homebrew/Cellar/neovim/0.12.3/share/nvim/runtime/pack/dist/opt/netrw/plugin/netrwPlugin.vim
062.362  000.385  000.303: sourcing /opt/homebrew/Cellar/neovim/0.12.3/share/nvim/runtime/plugin/netrwPlugin.vim
062.468  000.075  000.075: sourcing /opt/homebrew/Cellar/neovim/0.12.3/share/nvim/runtime/plugin/rplugin.vim
062.530  000.034  000.034: sourcing /opt/homebrew/Cellar/neovim/0.12.3/share/nvim/runtime/plugin/tarPlugin.vim
062.574  000.007  000.007: sourcing /opt/homebrew/Cellar/neovim/0.12.3/share/nvim/runtime/plugin/tutor.vim
062.648  000.047  000.047: sourcing /opt/homebrew/Cellar/neovim/0.12.3/share/nvim/runtime/plugin/zipPlugin.vim
062.710  000.034  000.034: sourcing /opt/homebrew/Cellar/neovim/0.12.3/share/nvim/runtime/plugin/editorconfig.lua
062.768  000.031  000.031: sourcing /opt/homebrew/Cellar/neovim/0.12.3/share/nvim/runtime/plugin/man.lua
062.858  000.061  000.061: sourcing /opt/homebrew/Cellar/neovim/0.12.3/share/nvim/runtime/plugin/net.lua
062.932  000.047  000.047: sourcing /opt/homebrew/Cellar/neovim/0.12.3/share/nvim/runtime/plugin/osc52.lua
063.008  000.049  000.049: sourcing /opt/homebrew/Cellar/neovim/0.12.3/share/nvim/runtime/plugin/shada.lua
063.065  000.022  000.022: sourcing /opt/homebrew/Cellar/neovim/0.12.3/share/nvim/runtime/plugin/spellfile.lua
063.085  001.678: loading rtp plugins
063.491  000.015  000.015: sourcing /Users/rohan/.local/share/nvim/site/pack/plugins/start/conform.nvim/plugin/conform.lua
063.649  000.035  000.035: sourcing /Users/rohan/.local/share/nvim/site/pack/plugins/start/gitsigns.nvim/plugin/gitsigns.lua
063.851  000.023  000.023: sourcing /Users/rohan/.local/share/nvim/site/pack/plugins/start/LuaSnip/plugin/luasnip.vim
064.752  000.832  000.832: require('vim.filetype')
0