--- Startup times for process: Primary (or UI client) ---

times in msec
 clock   self+sourced   self:  sourced script
 clock   elapsed:              other lines

000.000  000.000: --- NVIM STARTING ---
000.094  000.094: event init
000.282  000.188: early init
000.659  000.377: locale set
000.688  000.028: init first window
001.082  000.395: inits 1
001.093  000.010: window checked
001.096  000.003: parsing arguments
001.510  000.035  000.035: require('vim._core.shared')
001.566  000.003  000.003: require('string.buffer')
001.583  000.032  000.029: require('vim.inspect')
001.618  000.030  000.030: require('vim._core.options')
001.619  000.107  000.046: require('vim._core.editor')
001.663  000.043  000.043: require('vim._core.system')
001.665  000.231  000.045: require('vim._init_packages')
001.667  000.340: init lua interpreter
004.385  002.719: expanding arguments
004.420  000.034: inits 2
004.638  000.218: init highlight
004.677  000.039: clear screen
004.820  000.011  000.011: require('vim.keymap')
005.524  000.116  000.116: sourcing nvim_exec2()
005.583  000.007  000.007: require('vim._core.log')
005.711  001.030  000.896: require('vim._core.defaults')
005.713  000.006: init default mappings & autocommands
006.597  000.074  000.074: sourcing /opt/homebrew/Cellar/neovim/0.12.3/share/nvim/runtime/ftplugin.vim
006.725  000.020  000.020: sourcing /opt/homebrew/Cellar/neovim/0.12.3/share/nvim/runtime/indent.vim
007.286  000.326  000.326: require('config.options')
007.538  000.251  000.251: require('config.keymaps')
008.143  000.132  000.132: require('tokyonight.config')
008.144  000.343  000.211: require('tokyonight')
008.613  000.135  000.135: require('tokyonight.theme')
009.034  000.196  000.196: require('tokyonight.util')
009.035  000.346  000.150: require('tokyonight.colors')
009.642  000.373  000.373: require('tokyonight.hsluv')
009.983  000.191  000.191: require('tokyonight.groups')
011.299  002.876  001.831: sourcing /Users/rohan/.local/share/nvim/site/pack/plugins/start/tokyonight.nvim/colors/tokyonight-storm.lua
011.304  003.077  000.201: sourcing nvim_exec2() called at /Users/rohan/.config/nvim/init.lua:0
011.589  000.231  000.231: require('neo-tree')
011.977  000.383  000.383: require('neo-tree.log')
012.540  000.131  000.131: require('lualine_require')
012.754  000.724  000.593: require('lualine')
012.862  000.006  000.006: sourcing nvim_exec2() called at /Users/rohan/.config/nvim/init.lua:0
013.200  000.110  000.110: require('lualine.themes._tokyonight')
013.914  000.005  000.005: sourcing nvim_exec2() called at /Users/rohan/.config/nvim/init.lua:0
013.921  000.002  000.002: sourcing nvim_exec2() called at /Users/rohan/.config/nvim/init.lua:0
013.925  000.001  000.001: sourcing nvim_exec2() called at /Users/rohan/.config/nvim/init.lua:0
013.928  000.001  000.001: sourcing nvim_exec2() called at /Users/rohan/.config/nvim/init.lua:0
013.932  000.001  000.001: sourcing nvim_exec2() called at /Users/rohan/.config/nvim/init.lua:0
013.937  000.001  000.001: sourcing nvim_exec2() called at /Users/rohan/.config/nvim/init.lua:0
013.940  000.001  000.001: sourcing nvim_exec2() called at /Users/rohan/.config/nvim/init.lua:0
013.944  000.001  000.001: sourcing nvim_exec2() called at /Users/rohan/.config/nvim/init.lua:0
013.947  000.001  000.001: sourcing nvim_exec2() called at /Users/rohan/.config/nvim/init.lua:0
013.952  000.001  000.001: sourcing nvim_exec2() called at /Users/rohan/.config/nvim/init.lua:0
013.955  000.001  000.001: sourcing nvim_exec2() called at /Users/rohan/.config/nvim/init.lua:0
013.958  000.001  000.001: sourcing nvim_exec2() called at /Users/rohan/.config/nvim/init.lua:0
013.968  000.001  000.001: sourcing nvim_exec2() called at /Users/rohan/.config/nvim/init.lua:0
013.972  000.001  000.001: sourcing nvim_exec2() called at /Users/rohan/.config/nvim/init.lua:0
013.975  000.001  000.001: sourcing nvim_exec2() called at /Users/rohan/.config/nvim/init.lua:0
013.978  000.001  000.001: sourcing nvim_exec2() called at /Users/rohan/.config/nvim/init.lua:0
013.981  000.001  000.001: sourcing nvim_exec2() called at /Users/rohan/.config/nvim/init.lua:0
013.988  000.006  000.006: sourcing nvim_exec2() called at /Users/rohan/.config/nvim/init.lua:0
014.722  000.084  000.084: require('lualine.utils.mode')
015.237  000.017  000.017: sourcing nvim_exec2() called at /Users/rohan/.config/nvim/init.lua:0
015.242  000.002  000.002: sourcing nvim_exec2() called at /Users/rohan/.config/nvim/init.lua:0
015.391  000.002  000.002: sourcing nvim_exec2() called at /Users/rohan/.config/nvim/init.lua:0
015.395  000.001  000.001: sourcing nvim_exec2() called at /Users/rohan/.config/nvim/init.lua:0
015.399  000.001  000.001: sourcing nvim_exec2() called at /Users/rohan/.config/nvim/init.lua:0
015.415  000.001  000.001: sourcing nvim_exec2() called at /Users/rohan/.config/nvim/init.lua:0
015.419  000.001  000.001: sourcing nvim_exec2() called at /Users/rohan/.config/nvim/init.lua:0
015.423  000.001  000.001: sourcing nvim_exec2() called at /Users/rohan/.config/nvim/init.lua:0
015.426  000.001  000.001: sourcing nvim_exec2() called at /Users/rohan/.config/nvim/init.lua:0
015.433  000.001  000.001: sourcing nvim_exec2() called at /Users/rohan/.config/nvim/init.lua:0
015.436  000.001  000.001: sourcing nvim_exec2() called at /Users/rohan/.config/nvim/init.lua:0
015.439  000.001  000.001: sourcing nvim_exec2() called at /Users/rohan/.config/nvim/init.lua:0
015.442  000.001  000.001: sourcing nvim_exec2() called at /Users/rohan/.config/nvim/init.lua:0
015.445  000.001  000.001: sourcing nvim_exec2() called at /Users/rohan/.config/nvim/init.lua:0
015.448  000.001  000.001: sourcing nvim_exec2() called at /Users/rohan/.config/nvim/init.lua:0
015.452  000.001  000.001: sourcing nvim_exec2() called at /Users/rohan/.config/nvim/init.lua:0
015.460  000.001  000.001: sourcing nvim_exec2() called at /Users/rohan/.config/nvim/init.lua:0
015.464  000.001  000.001: sourcing nvim_exec2() called at /Users/rohan/.config/nvim/init.lua:0
015.469  000.001  000.001: sourcing nvim_exec2() called at /Users/rohan/.config/nvim/init.lua:0
015.473  000.001  000.001: sourcing nvim_exec2() called at /Users/rohan/.config/nvim/init.lua:0
015.477  000.001  000.001: sourcing nvim_exec2() called at /Users/rohan/.config/nvim/init.lua:0
015.481  000.001  000.001: sourcing nvim_exec2() called at /Users/rohan/.config/nvim/init.lua:0
015.484  000.001  000.001: sourcing nvim_exec2() called at /Users/rohan/.config/nvim/init.lua:0
015.589  000.005  000.005: sourcing nvim_exec2() called at /Users/rohan/.config/nvim/init.lua:0
015.593  000.001  000.001: sourcing nvim_exec2() called at /Users/rohan/.config/nvim/init.lua:0
015.595  000.001  000.001: sourcing nvim_exec2() called at /Users/rohan/.config/nvim/init.lua:0
015.600  000.003  000.003: sourcing nvim_exec2() called at /Users/rohan/.config/nvim/init.lua:0
015.949  000.002  000.002: sourcing nvim_exec2() called at /Users/rohan/.config/nvim/init.lua:0
015.953  000.001  000.001: sourcing nvim_exec2() called at /Users/rohan/.config/nvim/init.lua:0
015.957  000.001  000.001: sourcing nvim_exec2() called at /Users/rohan/.config/nvim/init.lua:0
015.961  000.001  000.001: sourcing nvim_exec2() called at /Users/rohan/.config/nvim/init.lua:0
015.965  000.001  000.001: sourcing nvim_exec2() called at /Users/rohan/.config/nvim/init.lua:0
015.969  000.001  000.001: sourcing nvim_exec2() called at /Users/rohan/.config/nvim/init.lua:0
015.972  000.001  000.001: sourcing nvim_exec2() called at /Users/rohan/.config/nvim/init.lua:0
015.978  000.001  000.001: sourcing nvim_exec2() called at /Users/rohan/.config/nvim/init.lua:0
015.982  000.001  000.001: sourcing nvim_exec2() called at /Users/rohan/.config/nvim/init.lua:0
015.986  000.001  000.001: sourcing nvim_exec2() called at /Users/rohan/.config/nvim/init.lua:0
015.991  000.001  000.001: sourcing nvim_exec2() called at /Users/rohan/.config/nvim/init.lua:0
015.995  000.001  000.001: sourcing nvim_exec2() called at /Users/rohan/.config/nvim/init.lua:0
015.999  000.001  000.001: sourcing nvim_exec2() called at /Users/rohan/.config/nvim/init.lua:0
016.002  000.001  000.001: sourcing nvim_exec2() called at /Users/rohan/.config/nvim/init.lua:0
016.080  000.002  000.002: sourcing nvim_exec2() called at /Users/rohan/.config/nvim/init.lua:0
016.084  000.001  000.001: sourcing nvim_exec2() called at /Users/rohan/.config/nvim/init.lua:0
016.088  000.001  000.001: sourcing nvim_exec2() called at /Users/rohan/.config/nvim/init.lua:0
016.092  000.001  000.001: sourcing nvim_exec2() called at /Users/rohan/.config/nvim/init.lua:0
016.095  000.001  000.001: sourcing nvim_exec2() called at /Users/rohan/.config/nvim/init.lua:0
016.100  000.001  000.001: sourcing nvim_exec2() called at /Users/rohan/.config/nvim/init.lua:0
016.103  000.001  000.001: sourcing nvim_exec2() called at /Users/rohan/.config/nvim/init.lua:0
016.109  000.001  000.001: sourcing nvim_exec2() called at /Users/rohan/.config/nvim/init.lua:0
016.113  000.001  000.001: sourcing nvim_exec2() called at /Users/rohan/.config/nvim/init.lua:0
016.116  000.001  000.001: sourcing nvim_exec2() called at /Users/rohan/.config/nvim/init.lua:0
016.121  000.001  000.001: sourcing nvim_exec2() called at /Users/rohan/.config/nvim/init.lua:0
016.124  000.001  000.001: sourcing nvim_exec2() called at /Users/rohan/.config/nvim/init.lua:0
016.127  000.001  000.001: sourcing nvim_exec2() called at /Users/rohan/.config/nvim/init.lua:0
016.133  000.001  000.001: sourcing nvim_exec2() called at /Users/rohan/.config/nvim/init.lua:0
016.232  000.004  000.004: sourcing nvim_exec2() called at /Users/rohan/.config/nvim/init.lua:0
016.252  000.003  000.003: sourcing nvim_exec2() called at /Users/rohan/.config/nvim/init.lua:0
016.260  000.006  000.006: sourcing nvim_exec2() called at /Users/rohan/.config/nvim/init.lua:0
016.265  000.003  000.003: sourcing nvim_exec2() called at /Users/rohan/.config/nvim/init.lua:0
016.268  000.002  000.002: sourcing nvim_exec2() called at /Users/rohan/.config/nvim/init.lua:0
016.520  000.066  000.066: require('bufferline.lazy')
016.716  000.190  000.190: require('bufferline.commands')
017.062  000.344  000.344: require('bufferline.config')
017.064  000.792  000.192: require('bufferline')
017.876  000.277  000.277: require('bufferline.utils')
017.877  000.781  000.504: require('bufferline.groups')
017.968  000.069  000.069: require('bufferline.constants')
018.066  000.096  000.096: require('bufferline.colors')
018.314  000.176  000.176: require('bufferline.highlights')
018.371  000.003  000.003: require('vim.F')
018.970  000.257  000.257: require('vim.version')
019.610  000.997  000.740: require('bufferline.hover')
019.966  000.329  000.329: require('bufferline.ui')
020.998  001.029  001.029: require('vim.diagnostic')
021.174  000.155  000.155: require('gitsigns')
021.654  000.234  000.234: require('gitsigns.util')
021.660  000.462  000.227: require('gitsigns.config')
022.158  000.180  000.180: require('gitsigns.debug.log')
022.427  000.736  000.556: require('gitsigns.highlight')
022.555  000.116  000.116: require('gitsigns.debounce')
022.560  014.934  004.109: require('plugins.ui')
023.553  000.080  000.080: require('nvim-autopairs._log')
023.722  000.168  000.168: require('nvim-autopairs.utils')
023.726  000.452  000.204: require('nvim-autopairs.conds')
023.729  000.607  000.155: require('nvim-autopairs.rule')
023.731  000.740  000.133: require('nvim-autopairs.rules.basic')
023.737  001.111  000.371: require('nvim-autopairs')
024.279  000.100  000.100: require('telescope._extensions')
024.281  000.235  000.135: require('telescope')
025.302  000.186  000.186: require('plenary.bit')
025.405  000.103  000.103: require('plenary.functional')
025.424  000.012  000.012: require('ffi')
025.446  000.735  000.434: require('plenary.path')
025.455  000.898  000.163: require('plenary.strings')
026.165  000.275  000.275: require('plenary.log')
026.215  000.399  000.125: require('telescope.log')
026.981  000.081  000.081: require('plenary.compat')
026.985  000.354  000.273: require('plenary.job')
027.072  000.087  000.087: require('telescope.state')
027.088  000.873  000.433: require('telescope.utils')
027.091  001.636  000.364: require('telescope.sorters')
027.930  003.649  001.114: require('telescope.config')
028.373  005.812  000.817: require('plugins.editor')
029.029  000.083  000.083: require('cmp.utils.debug')
029.287  000.118  000.118: require('cmp.utils.char')
029.290  000.260  000.142: require('cmp.utils.str')
029.694  000.142  000.142: require('cmp.utils.misc')
029.767  000.072  000.072: require('cmp.utils.buffer')
029.866  000.098  000.098: require('cmp.utils.api')
029.869  000.483  000.170: require('cmp.utils.keymap')
029.870  000.580  000.097: require('cmp.utils.feedkeys')
030.425  000.085  000.085: require('cmp.types.cmp')
030.551  000.124  000.124: require('cmp.types.lsp')
030.616  000.065  000.065: require('cmp.types.vim')
030.617  000.346  000.072: require('cmp.types')
030.619  000.467  000.121: require('cmp.config.mapping')
030.695  000.076  000.076: require('cmp.utils.cache')
030.953  000.151  000.151: require('cmp.config.compare')
031.027  000.073  000.073: require('cmp.config.window')
031.028  000.332  000.107: require('cmp.config.default')
031.040  001.021  000.147: require('cmp.config')
031.050  001.179  000.158: require('cmp.utils.async')
031.217  000.071  000.071: require('cmp.utils.pattern')
031.219  000.168  000.097: require('cmp.context')
031.910  000.224  000.224: require('cmp.utils.snippet')
032.060  000.150  000.150: require('cmp.matcher')
032.228  000.816  000.441: require('cmp.entry')
032.232  001.012  000.197: require('cmp.source')
032.464  000.078  000.078: require('cmp.utils.event')
032.826  000.071  000.071: require('cmp.utils.options')
032.828  000.242  000.171: require('cmp.utils.window')
032.829  000.364  000.122: require('cmp.view.docs_view')
033.180  000.092  000.092: require('cmp.utils.autocmd')
033.184  000.355  000.263: require('cmp.view.custom_entries_view')
033.348  000.163  000.163: require('cmp.view.wildmenu_entries_view')
033.474  000.126  000.126: require('cmp.view.native_entries_view')
033.600  000.125  000.125: require('cmp.view.ghost_text_view')
033.603  001.371  000.160: require('cmp.view')
034.114  005.445  000.792: require('cmp.core')
034.245  000.074  000.074: require('cmp.config.sources')
034.263  005.809  000.291: require('cmp')
035.189  000.064  000.064: require('luasnip.util.types')
035.252  000.063  000.063: require('luasnip.util.lazy_table')
035.441  000.188  000.188: require('luasnip.extras.filetype_functions')
035.451  000.468  000.153: require('luasnip.default_config')
035.452  000.544  000.076: require('luasnip.session')
035.968  000.515  000.515: require('luasnip.util.vimversion')
035.972  001.289  000.230: require('luasnip.util.util')
036.458  000.139  000.139: require('luasnip.util.str')
036.526  000.067  000.067: require('luasnip.util.table')
036.624  000.098  000.098: require('luasnip.util.ext_opts')
036.685  000.060  000.060: require('luasnip.nodes.key_indexer')
036.802  000.117  000.117: require('luasnip.util.feedkeys')
037.030  000.227  000.227: require('luasnip.nodes.util.snippet_string')
037.034  001.061  000.354: require('luasnip.nodes.util')
037.264  000.069  000.069: require('luasnip.session.snippet_collection.source')
037.343  000.079  000.079: require('luasnip.util.auto_table')
037.346  000.312  000.164: require('luasnip.session.snippet_collection')
037.690  000.105  000.105: require('luasnip.util.select')
037.750  000.059  000.059: require('luasnip.util.time')
037.956  000.501  000.337: require('luasnip.util._builtin_vars')
038.011  000.663  000.163: require('luasnip.util.environ')
038.094  000.082  000.082: require('luasnip.util.extend_decorator')
038.356  000.147  000.147: require('luasnip.util.path')
038.688  000.171  000.171: require('luasnip.util.log')
038.692  000.335  000.165: require('luasnip.loaders.util')
038.756  000.063  000.063: require('luasnip.loaders.data')
039.094  000.337  000.337: require('luasnip.loaders.fs_watchers')
039.105  001.011  000.128: require('luasnip.loaders')
039.266  000.137  000.137: require('luasnip.config')
039.267  005.003  000.447: require('luasnip')
039.619  011.245  000.433: require('plugins.coding')
039.785  000.099  000.099: require('nvim-treesitter')
040.027  000.050  000.050: require('vim.fs')
040.058  000.273  000.223: require('nvim-treesitter.config')
040.070  000.450  000.079: require('plugins.treesitter')
040.402  000.076  000.076: require('mason-core.path')
040.709  000.066  000.066: require('mason-core.functional.data')
040.822  000.102  000.102: require('mason-core.functional.function')
040.994  000.140  000.140: require('mason-core.functional.list')
041.083  000.077  000.077: require('mason-core.functional.relation')
041.161  000.077  000.077: require('mason-core.functional.logic')
041.229  000.067  000.067: require('mason-core.functional.number')
041.324  000.092  000.092: require('mason-core.functional.string')
041.410  000.084  000.084: require('mason-core.functional.table')
041.475  000.064  000.064: require('mason-core.functional.type')
041.477  000.942  000.175: require('mason-core.functional')
041.491  001.089  000.147: require('mason-core.platform')
041.608  000.116  000.116: require('mason.settings')
041.610  001.389  000.107: require('mason-core.installer.InstallLocation')
041.979  000.151  000.151: require('mason-core.log')
041.980  000.233  000.082: require('mason-core.EventEmitter')
042.114  000.133  000.133: require('mason-registry.sources')
042.206  000.595  000.229: require('mason-registry')
042.207  002.068  000.084: require('mason')
042.412  000.166  000.166: require('mason.api.command')
042.579  000.065  000.065: require('mason-lspconfig.settings')
042.580  000.167  000.102: require('mason-lspconfig')
042.707  000.121  000.121: require('mason-core.async')
042.895  000.063  000.063: require('mason-core.async.uv')
042.898  000.191  000.128: require('mason-core.fs')
043.153  000.102  000.102: require('mason-core.result')
043.483  000.156  000.156: require('mason-core.process')
043.596  000.113  000.113: require('mason-core.spawn')
043.598  000.343  000.074: require('mason-core.installer.managers.powershell')
043.656  000.057  000.057: require('mason.version')
043.657  000.503  000.103: require('mason-core.fetch')
043.736  000.079  000.079: require('mason-core.providers')
043.888  000.081  000.081: require('mason-core.optional')
044.274  000.164  000.164: require('mason-core.purl')
044.369  000.095  000.095: require('mason-core.async.control')
044.372  000.375  000.116: require('mason-core.package.AbstractPackage')
044.881  000.093  000.093: require('mason-core.installer.compiler.expr')
044.885  000.242  000.149: require('mason-core.installer.compiler.link')
045.390  000.071  000.071: require('mason-core.installer.context.InstallContextCwd')
045.478  000.087  000.087: require('mason-core.installer.context.InstallContextFs')
045.550  000.071  000.071: require('mason-core.installer.context.InstallContextSpawn')
045.648  000.097  000.097: require('mason-core.receipt')
045.656  000.495  000.169: require('mason-core.installer.context')
045.656  000.553  000.058: require('mason-core.installer')
045.661  000.693  000.141: require('mason-core.installer.managers.std')
045.662  000.777  000.084: require('mason-core.installer.compiler.schemas')
045.752  000.089  000.089: require('mason-core.installer.compiler.util')
045.756  001.251  000.143: require('mason-core.installer.compiler')
045.876  000.119  000.119: require('mason-core.installer.linker')
045.878  001.505  000.134: require('mason-core.installer.InstallRunner')
045.969  000.090  000.090: require('mason-core.installer.UninstallRunner')
045.971  002.083  000.113: require('mason-core.package')
045.973  002.235  000.072: require('mason-registry.sources.util')
045.975  003.042  000.122: require('mason-registry.sources.github')
046.091  000.087  000.087: require('mason-registry.sources.synthesized')
048.017  000.065  000.065: require('mason-lspconfig.mappings')
048.019  000.138  000.073: require('mason-lspconfig.features.automatic_enable')
051.478  000.637  000.637: require('vim.lsp.protocol')
051.497  000.780  000.144: require('vim.lsp.log')
052.312  000.005  000.005: require('vim._core.util')
052.329  000.830  000.825: require('vim.lsp.util')
052.686  000.154  000.154: require('vim.lsp.sync')
052.688  000.359  000.205: require('vim.lsp._changetracking')
053.060  000.122  000.122: require('vim.lsp._transport')
053.065  000.004  000.004: require('vim._core.stringbuffer')
053.093  000.404  000.277: require('vim.lsp.rpc')
053.126  002.916  000.543: require('vim.lsp')
056.639  000.057  000.057: require('mason-lspconfig.notify')
056.649  000.190  000.133: require('mason-lspconfig.api.command')
056.836  000.095  000.095: require('cmp_nvim_lsp.source')
056.837  000.186  000.091: require('cmp_nvim_lsp')
057.856  017.786  008.514: require('plugins.lsp')
057.858  051.036  000.232: sourcing /Users/rohan/.config/nvim/init.lua
057.864  001.022: sourcing vimrc file(s)
058.118  000.094  000.094: sourcing nvim_exec2() called at /opt/homebrew/Cellar/neovim/0.12.3/share/nvim/runtime/filetype.lua:0
058.119  000.138  000.044: sourcing /opt/homebrew/Cellar/neovim/0.12.3/share/nvim/runtime/filetype.lua
058.294  000.043  000.043: sourcing /opt/homebrew/Cellar/neovim/0.12.3/share/nvim/runtime/syntax/synload.vim
058.338  000.163  000.120: sourcing /opt/homebrew/Cellar/neovim/0.12.3/share/nvim/runtime/syntax/syntax.vim
059.478  000.077  000.077: sourcing /opt/homebrew/Cellar/neovim/0.12.3/share/nvim/runtime/plugin/gzip.vim
059.875  000.072  000.072: sourcing /opt/homebrew/Cellar/neovim/0.12.3/share/nvim/runtime/pack/dist/opt/matchit/plugin/matchit.vim
059.896  000.392  000.320: sourcing /opt/homebrew/Cellar/neovim/0.12.3/share/nvim/runtime/plugin/matchit.vim
059.978  000.058  000.058: sourcing /opt/homebrew/Cellar/neovim/0.12.3/share/nvim/runtime/plugin/matchparen.vim
060.372  000.083  000.083: sourcing /opt/homebrew/Cellar/neovim/0.12.3/share/nvim/runtime/pack/dist/opt/netrw/plugin/netrwPlugin.vim
060.392  000.388  000.305: sourcing /opt/homebrew/Cellar/neovim/0.12.3/share/nvim/runtime/plugin/netrwPlugin.vim
060.504  000.080  000.080: sourcing /opt/homebrew/Cellar/neovim/0.12.3/share/nvim/runtime/plugin/rplugin.vim
060.574  000.038  000.038: sourcing /opt/homebrew/Cellar/neovim/0.12.3/share/nvim/runtime/plugin/tarPlugin.vim
060.610  000.007  000.007: sourcing /opt/homebrew/Cellar/neovim/0.12.3/share/nvim/runtime/plugin/tutor.vim
060.685  000.047  000.047: sourcing /opt/homebrew/Cellar/neovim/0.12.3/share/nvim/runtime/plugin/zipPlugin.vim
060.741  000.027  000.027: sourcing /opt/homebrew/Cellar/neovim/0.12.3/share/nvim/runtime/plugin/editorconfig.lua
060.798  000.030  000.030: sourcing /opt/homebrew/Cellar/neovim/0.12.3/share/nvim/runtime/plugin/man.lua
060.885  000.057  000.057: sourcing /opt/homebrew/Cellar/neovim/0.12.3/share/nvim/runtime/plugin/net.lua
060.959  000.047  000.047: sourcing /opt/homebrew/Cellar/neovim/0.12.3/share/nvim/runtime/plugin/osc52.lua
061.036  000.050  000.050: sourcing /opt/homebrew/Cellar/neovim/0.12.3/share/nvim/runtime/plugin/shada.lua
061.085  000.018  000.018: sourcing /opt/homebrew/Cellar/neovim/0.12.3/share/nvim/runtime/plugin/spellfile.lua
061.106  001.622: loading rtp plugins
061.517  000.031  000.031: sourcing /Users/rohan/.local/share/nvim/site/pack/plugins/start/gitsigns.nvim/plugin/gitsigns.lua
061.729  000.027  000.027: sourcing /Users/rohan/.local/share/nvim/site/pack/plugins/start/LuaSnip/plugin/luasnip.vim
062.595  000.793  000.793: require('vim.filetype')
062.732  000.974  000.181: sourcing /Users/rohan/.local/share/nvim/site/pack/plugins/start/LuaSnip/plugin/luasnip.lua
062.976  000.067  000.067: sourcing /Users/rohan/.local/share/nvim/site/pack/plugins/start/neo-tree.nvim/plugin/neo-tree.lua
063.771  000.585  000.585: require('cmp.utils.highlight')
063.919  000.003  000.003: sourcing nvim_exec2() called at /Users/rohan/.local/share/nvim/site/pack/plugins/start/nvim-cmp/plugin/cmp.lua:0
063.920  000.775  000.187: sourcing /Users/rohan/.local/share/nvim/site/pack/plugins/start/nvim-cmp/plugin/cmp.lua
064.130  000.091  000.091: sourcing /Users/rohan/.local/share/nvim/site/pack/plugins/start/nvim-lspconfig/plugin/lspconfig.lua
065.316  000.108  000.108: require('vim.treesitter.language')
065.383  000.067  000.067: require('vim.func')
065.489  000.105  000.105: require('vim.treesitter._range')
065.572  000.082  000.082: 